SELECT citus.mitmproxy('flow.allow()');
 mitmproxy 
-----------
 
(1 row)

SET citus.shard_count = 1;
SET citus.shard_replication_factor = 2; -- one shard per worker
SET citus.multi_shard_commit_protocol TO '1pc';
SET citus.next_shard_id TO 100400;
ALTER SEQUENCE pg_catalog.pg_dist_placement_placementid_seq RESTART 100;
CREATE TABLE copy_test (key int, value int);
SELECT create_distributed_table('copy_test', 'key', 'append');
 create_distributed_table 
--------------------------
 
(1 row)

COPY copy_test FROM PROGRAM 'echo 0, 0 && echo 1, 1 && echo 2, 4 && echo 3, 9' WITH CSV;
SELECT count(1) FROM copy_test;
 count 
-------
     4
(1 row)

---- all of the following tests test behavior with 2 shard placements ----
SHOW citus.shard_replication_factor;
 citus.shard_replication_factor 
--------------------------------
 2
(1 row)

---- kill the connection when we try to create the shard ----
SELECT citus.mitmproxy('flow.contains(b"worker_apply_shard_ddl_command").kill()');
 mitmproxy 
-----------
 
(1 row)

COPY copy_test FROM PROGRAM 'echo 0, 0 && echo 1, 1 && echo 2, 4 && echo 3, 9' WITH CSV;
ERROR:  server closed the connection unexpectedly
	This probably means the server terminated abnormally
	before or while processing the request.
CONTEXT:  while executing command on localhost:57640
SELECT * FROM pg_dist_shard s, pg_dist_shard_placement p
  WHERE (s.shardid = p.shardid) AND s.logicalrelid = 'copy_test'::regclass;
 logicalrelid | shardid | shardstorage | shardminvalue | shardmaxvalue | shardid | shardstate | shardlength | nodename  | nodeport | placementid 
--------------+---------+--------------+---------------+---------------+---------+------------+-------------+-----------+----------+-------------
 copy_test    |  100400 | t            | 0             | 3             |  100400 |          1 |        8192 | localhost |    57637 |         100
 copy_test    |  100400 | t            | 0             | 3             |  100400 |          1 |        8192 | localhost |    57640 |         101
(2 rows)

SELECT count(1) FROM copy_test;
 count 
-------
     4
(1 row)

---- kill the connection when we try to start a transaction ----
SELECT citus.mitmproxy('flow.contains(b"assign_distributed_transaction_id").kill()');
 mitmproxy 
-----------
 
(1 row)

COPY copy_test FROM PROGRAM 'echo 0, 0 && echo 1, 1 && echo 2, 4 && echo 3, 9' WITH CSV;
WARNING:  connection not open
CONTEXT:  while executing command on localhost:57640
ERROR:  failure on connection marked as essential: localhost:57640
SELECT * FROM pg_dist_shard s, pg_dist_shard_placement p
  WHERE (s.shardid = p.shardid) AND s.logicalrelid = 'copy_test'::regclass;
 logicalrelid | shardid | shardstorage | shardminvalue | shardmaxvalue | shardid | shardstate | shardlength | nodename  | nodeport | placementid 
--------------+---------+--------------+---------------+---------------+---------+------------+-------------+-----------+----------+-------------
 copy_test    |  100400 | t            | 0             | 3             |  100400 |          1 |        8192 | localhost |    57637 |         100
 copy_test    |  100400 | t            | 0             | 3             |  100400 |          1 |        8192 | localhost |    57640 |         101
(2 rows)

SELECT count(1) FROM copy_test;
 count 
-------
     4
(1 row)

---- kill the connection when we start the COPY ----
SELECT citus.mitmproxy('flow.contains(b"FROM STDIN WITH").kill()');
 mitmproxy 
-----------
 
(1 row)

COPY copy_test FROM PROGRAM 'echo 0, 0 && echo 1, 1 && echo 2, 4 && echo 3, 9' WITH CSV;
ERROR:  server closed the connection unexpectedly
	This probably means the server terminated abnormally
	before or while processing the request.
CONTEXT:  while executing command on localhost:57640
SELECT * FROM pg_dist_shard s, pg_dist_shard_placement p
  WHERE (s.shardid = p.shardid) AND s.logicalrelid = 'copy_test'::regclass;
 logicalrelid | shardid | shardstorage | shardminvalue | shardmaxvalue | shardid | shardstate | shardlength | nodename  | nodeport | placementid 
--------------+---------+--------------+---------------+---------------+---------+------------+-------------+-----------+----------+-------------
 copy_test    |  100400 | t            | 0             | 3             |  100400 |          1 |        8192 | localhost |    57637 |         100
 copy_test    |  100400 | t            | 0             | 3             |  100400 |          1 |        8192 | localhost |    57640 |         101
(2 rows)

SELECT count(1) FROM copy_test;
 count 
-------
     4
(1 row)

---- kill the connection when we send the data ----
SELECT citus.mitmproxy('flow.contains(b"PGCOPY").kill()');
 mitmproxy 
-----------
 
(1 row)

COPY copy_test FROM PROGRAM 'echo 0, 0 && echo 1, 1 && echo 2, 4 && echo 3, 9' WITH CSV;
ERROR:  failed to COPY to shard 100404 on localhost:57640
SELECT * FROM pg_dist_shard s, pg_dist_shard_placement p
  WHERE (s.shardid = p.shardid) AND s.logicalrelid = 'copy_test'::regclass;
 logicalrelid | shardid | shardstorage | shardminvalue | shardmaxvalue | shardid | shardstate | shardlength | nodename  | nodeport | placementid 
--------------+---------+--------------+---------------+---------------+---------+------------+-------------+-----------+----------+-------------
 copy_test    |  100400 | t            | 0             | 3             |  100400 |          1 |        8192 | localhost |    57637 |         100
 copy_test    |  100400 | t            | 0             | 3             |  100400 |          1 |        8192 | localhost |    57640 |         101
(2 rows)

SELECT count(1) FROM copy_test;
 count 
-------
     4
(1 row)

---- cancel the connection when we send the data ----
SELECT citus.mitmproxy(format('flow.contains(b"PGCOPY").cancel(%s)', pg_backend_pid()));
 mitmproxy 
-----------
 
(1 row)

COPY copy_test FROM PROGRAM 'echo 0, 0 && echo 1, 1 && echo 2, 4 && echo 3, 9' WITH CSV;
ERROR:  canceling statement due to user request
SELECT * FROM pg_dist_shard s, pg_dist_shard_placement p
  WHERE (s.shardid = p.shardid) AND s.logicalrelid = 'copy_test'::regclass;
 logicalrelid | shardid | shardstorage | shardminvalue | shardmaxvalue | shardid | shardstate | shardlength | nodename  | nodeport | placementid 
--------------+---------+--------------+---------------+---------------+---------+------------+-------------+-----------+----------+-------------
 copy_test    |  100400 | t            | 0             | 3             |  100400 |          1 |        8192 | localhost |    57637 |         100
 copy_test    |  100400 | t            | 0             | 3             |  100400 |          1 |        8192 | localhost |    57640 |         101
(2 rows)

SELECT count(1) FROM copy_test;
 count 
-------
     4
(1 row)

---- kill the connection when we try to get the size of the table ----
SELECT citus.mitmproxy('flow.contains(b"pg_table_size").kill()');
 mitmproxy 
-----------
 
(1 row)

COPY copy_test FROM PROGRAM 'echo 0, 0 && echo 1, 1 && echo 2, 4 && echo 3, 9' WITH CSV;
WARNING:  server closed the connection unexpectedly
	This probably means the server terminated abnormally
	before or while processing the request.
CONTEXT:  while executing command on localhost:57640
WARNING:  connection not open
CONTEXT:  while executing command on localhost:57640
ERROR:  failure on connection marked as essential: localhost:57640
SELECT * FROM pg_dist_shard s, pg_dist_shard_placement p
  WHERE (s.shardid = p.shardid) AND s.logicalrelid = 'copy_test'::regclass;
 logicalrelid | shardid | shardstorage | shardminvalue | shardmaxvalue | shardid | shardstate | shardlength | nodename  | nodeport | placementid 
--------------+---------+--------------+---------------+---------------+---------+------------+-------------+-----------+----------+-------------
 copy_test    |  100400 | t            | 0             | 3             |  100400 |          1 |        8192 | localhost |    57637 |         100
 copy_test    |  100400 | t            | 0             | 3             |  100400 |          1 |        8192 | localhost |    57640 |         101
(2 rows)

SELECT count(1) FROM copy_test;
 count 
-------
     4
(1 row)

-- we round-robin when picking which node to run pg_table_size on, this COPY runs it on
-- the other node, so the next copy will try to run it on our node
COPY copy_test FROM PROGRAM 'echo 0, 0 && echo 1, 1 && echo 2, 4 && echo 3, 9' WITH CSV;
---- kill the connection when we try to get the min, max of the table ----
SELECT citus.mitmproxy('flow.contains(b"SELECT min(key), max(key)").kill()');
 mitmproxy 
-----------
 
(1 row)

COPY copy_test FROM PROGRAM 'echo 0, 0 && echo 1, 1 && echo 2, 4 && echo 3, 9' WITH CSV;
WARNING:  server closed the connection unexpectedly
	This probably means the server terminated abnormally
	before or while processing the request.
CONTEXT:  while executing command on localhost:57640
WARNING:  connection not open
CONTEXT:  while executing command on localhost:57640
ERROR:  failure on connection marked as essential: localhost:57640
SELECT * FROM pg_dist_shard s, pg_dist_shard_placement p
  WHERE (s.shardid = p.shardid) AND s.logicalrelid = 'copy_test'::regclass;
 logicalrelid | shardid | shardstorage | shardminvalue | shardmaxvalue | shardid | shardstate | shardlength | nodename  | nodeport | placementid 
--------------+---------+--------------+---------------+---------------+---------+------------+-------------+-----------+----------+-------------
 copy_test    |  100400 | t            | 0             | 3             |  100400 |          1 |        8192 | localhost |    57637 |         100
 copy_test    |  100407 | t            | 0             | 3             |  100407 |          1 |        8192 | localhost |    57637 |         113
 copy_test    |  100400 | t            | 0             | 3             |  100400 |          1 |        8192 | localhost |    57640 |         101
 copy_test    |  100407 | t            | 0             | 3             |  100407 |          1 |        8192 | localhost |    57640 |         112
(4 rows)

SELECT count(1) FROM copy_test;
 count 
-------
     8
(1 row)

---- kill the connection when we try to COMMIT ----
SELECT citus.mitmproxy('flow.matches(b"^Q\x00\x00\x00\x0bCOMMIT\x00").kill()');
 mitmproxy 
-----------
 
(1 row)

COPY copy_test FROM PROGRAM 'echo 0, 0 && echo 1, 1 && echo 2, 4 && echo 3, 9' WITH CSV;
WARNING:  connection not open
CONTEXT:  while executing command on localhost:57640
WARNING:  failed to commit critical transaction on localhost:57640, metadata is likely out of sync
WARNING:  connection not open
CONTEXT:  while executing command on localhost:57640
SELECT * FROM pg_dist_shard s, pg_dist_shard_placement p
  WHERE (s.shardid = p.shardid) AND s.logicalrelid = 'copy_test'::regclass;
 logicalrelid | shardid | shardstorage | shardminvalue | shardmaxvalue | shardid | shardstate | shardlength | nodename  | nodeport | placementid 
--------------+---------+--------------+---------------+---------------+---------+------------+-------------+-----------+----------+-------------
 copy_test    |  100400 | t            | 0             | 3             |  100400 |          1 |        8192 | localhost |    57637 |         100
 copy_test    |  100407 | t            | 0             | 3             |  100407 |          1 |        8192 | localhost |    57637 |         113
 copy_test    |  100409 | t            | 0             | 3             |  100409 |          1 |        8192 | localhost |    57637 |         117
 copy_test    |  100400 | t            | 0             | 3             |  100400 |          1 |        8192 | localhost |    57640 |         101
 copy_test    |  100407 | t            | 0             | 3             |  100407 |          1 |        8192 | localhost |    57640 |         112
 copy_test    |  100409 | t            | 0             | 3             |  100409 |          3 |        8192 | localhost |    57640 |         116
(6 rows)

SELECT count(1) FROM copy_test;
 count 
-------
    12
(1 row)

-- ==== Clean up, we're done here ====
SELECT citus.mitmproxy('flow.allow()');
 mitmproxy 
-----------
 
(1 row)

DROP TABLE copy_test;
